npm warn Unknown env config "http-proxy". This will stop working in the next major version of npm.
Authorization: [REDACTED]
node:assert:152
  throw new AssertionError(obj);
  ^

AssertionError [ERR_ASSERTION]: 20% off 50 should be 40

30 !== 40

    at Object.<anonymous> (/tmp/reproshot-demo-GezJVt/test.cjs:8:8)
    at Module._compile (node:internal/modules/cjs/loader:1872:14)
    at Object..js (node:internal/modules/cjs/loader:2003:10)
    at Module.load (node:internal/modules/cjs/loader:1594:32)
    at Module._load (node:internal/modules/cjs/loader:1396:12)
    at wrapModuleLoad (node:internal/modules/cjs/loader:255:19)
    at Module.executeUserEntryPoint [as runMain] (node:internal/modules/run_main:154:5)
    at node:internal/main/run_main_module:33:47 {
  generatedMessage: false,
  code: 'ERR_ASSERTION',
  actual: 30,
  expected: 40,
  operator: 'strictEqual',
  diff: 'simple'
}

Node.js v24.19.0
